case__14: 
case__12: 
logic__22: 
logic__26: 
control_unit: 
logic__23: 
logic__9: 
case__1: 
branch_comp: 
reg__9: 
muxpart__5: 
case__27: 
datapath: 
case__28: 
reg__11: 
muxpart__3: 
logic: 
logic__18: 
datapath__3: 
logic__7: 
case__6: 
logic__17: 
logic__20: 
reg__5: 
case__25: 
alu_input_select: 
case__24: 
case__5: 
case: 
reg__1: 
case__29: 
logic__25: 
reg: 
reg__6: 
logic__16: 
case__11: 
logic__24: 
logic__28: 
reg__13: 
muxpart__2: 
case__23: 
regfile_dataW_select: 
datapath__5: 
case__9: 
reg__2: 
datapath__4: 
reg__14: 
immediate_gen: 
case__26: 
case__17: 
logic__21: 
logic__1: 
data_mem: 
pc: 
reg__16: 
muxpart__7: 
case__4: 
case__2: 
case__10: 
logic__8: 
case__8: 
case__22: 
datapath__2: 
extram: 
logic__14: 
reg__15: 
pc_write_select: 
reg_file: 
case__7: 
case__21: 
nexys_a7_top: 
logic__15: 
muxpart__9: 
reg__10: 
logic__10: 
rom: 
alu: 
case__19: 
reg__8: 
logic__13: 
logic__19: 
reg__4: 
case__15: 
reg__7: 
muxpart: 
case__18: 
datapath__1: 
reg__3: 
case__16: 
case__13: 
logic__6: 
case__3: 
reg__12: 
logic__27: 
instruction_mem: 
cpu_top: 
case__20: 
