Copyright 1986-2022 Xilinx, Inc. All Rights Reserved. Copyright 2022-2025 Advanced Micro Devices, Inc. All Rights Reserved.
---------------------------------------------------------------------------------------------------------------------------------------------
| Tool Version : Vivado v.2025.2 (win64) Build 6299465 Fri Nov 14 19:35:11 GMT 2025
| Date         : Tue Apr 21 21:58:25 2026
| Host         : DESKTOP-5V676FB running 64-bit major release  (build 9200)
| Command      : report_control_sets -verbose -file nexys_a7_top_control_sets_placed.rpt
| Design       : nexys_a7_top
| Device       : xc7a100t
---------------------------------------------------------------------------------------------------------------------------------------------

Control Set Information

Table of Contents
-----------------
1. Summary
2. Histogram
3. Flip-Flop Distribution
4. Detailed Control Set Information

1. Summary
----------

+----------------------------------------------------------+-------+
|                          Status                          | Count |
+----------------------------------------------------------+-------+
| Total control sets                                       |    17 |
|    Minimum number of control sets                        |    17 |
|    Addition due to synthesis replication                 |     0 |
|    Addition due to physical synthesis replication        |     0 |
| Unused register locations in slices containing registers |     5 |
+----------------------------------------------------------+-------+
* Control sets can be merged at opt_design using control_set_merge or merge_equivalent_drivers
** Run report_qor_suggestions for automated merging and remapping suggestions


2. Histogram
------------

+--------------------+-------+
|       Fanout       | Count |
+--------------------+-------+
| Total control sets |    17 |
| >= 0 to < 4        |     0 |
| >= 4 to < 6        |     0 |
| >= 6 to < 8        |     0 |
| >= 8 to < 10       |     0 |
| >= 10 to < 12      |     0 |
| >= 12 to < 14      |     0 |
| >= 14 to < 16      |     0 |
| >= 16              |    17 |
+--------------------+-------+
* Control sets can be remapped at either synth_design or opt_design


3. Flip-Flop Distribution
-------------------------

+--------------+-----------------------+------------------------+-----------------+--------------+
| Clock Enable | Synchronous Set/Reset | Asynchronous Set/Reset | Total Registers | Total Slices |
+--------------+-----------------------+------------------------+-----------------+--------------+
| No           | No                    | No                     |              19 |            6 |
| No           | No                    | Yes                    |              16 |           12 |
| No           | Yes                   | No                     |               0 |            0 |
| Yes          | No                    | No                     |               0 |            0 |
| Yes          | No                    | Yes                    |             240 |          138 |
| Yes          | Yes                   | No                     |               0 |            0 |
+--------------+-----------------------+------------------------+-----------------+--------------+


4. Detailed Control Set Information
-----------------------------------

+----------------------+-------------------------------+------------------+------------------+----------------+--------------+
|     Clock Signal     |         Enable Signal         | Set/Reset Signal | Slice Load Count | Bel Load Count | Bels / Slice |
+----------------------+-------------------------------+------------------+------------------+----------------+--------------+
|  SW_IBUF_BUFG[15]    |                               | BTNU_IBUF        |               12 |             16 |         1.33 |
|  SW_IBUF_BUFG[15]    | hb823/pc_inst/PC_reg[0]_11[0] | BTNU_IBUF        |               12 |             16 |         1.33 |
|  SW_IBUF_BUFG[15]    | hb823/pc_inst/PC_reg[0]_13[0] | BTNU_IBUF        |                5 |             16 |         3.20 |
|  SW_IBUF_BUFG[15]    | hb823/pc_inst/PC_reg[0]_15[0] | BTNU_IBUF        |                6 |             16 |         2.67 |
|  SW_IBUF_BUFG[15]    | hb823/pc_inst/PC_reg[0]_2[0]  | BTNU_IBUF        |               13 |             16 |         1.23 |
|  SW_IBUF_BUFG[15]    | hb823/pc_inst/PC_reg[0]_12[0] | BTNU_IBUF        |                9 |             16 |         1.78 |
|  SW_IBUF_BUFG[15]    | hb823/pc_inst/PC_reg[0]_3[0]  | BTNU_IBUF        |                7 |             16 |         2.29 |
|  SW_IBUF_BUFG[15]    | hb823/pc_inst/PC_reg[0]_4[0]  | BTNU_IBUF        |                7 |             16 |         2.29 |
|  SW_IBUF_BUFG[15]    | hb823/pc_inst/PC_reg[0]_6[0]  | BTNU_IBUF        |               13 |             16 |         1.23 |
|  SW_IBUF_BUFG[15]    | hb823/pc_inst/PC_reg[0]_7[0]  | BTNU_IBUF        |                6 |             16 |         2.67 |
|  SW_IBUF_BUFG[15]    | hb823/pc_inst/PC_reg[0]_8[0]  | BTNU_IBUF        |               10 |             16 |         1.60 |
|  SW_IBUF_BUFG[15]    | hb823/pc_inst/PC_reg[0]_9[0]  | BTNU_IBUF        |                8 |             16 |         2.00 |
|  SW_IBUF_BUFG[15]    | hb823/pc_inst/PC_reg[0]_5[0]  | BTNU_IBUF        |               12 |             16 |         1.33 |
|  SW_IBUF_BUFG[15]    | hb823/pc_inst/PC_reg[0]_14[0] | BTNU_IBUF        |               15 |             16 |         1.07 |
|  SW_IBUF_BUFG[15]    | hb823/pc_inst/E[0]            | BTNU_IBUF        |                6 |             16 |         2.67 |
|  SW_IBUF_BUFG[15]    | hb823/pc_inst/PC_reg[0]_10[0] | BTNU_IBUF        |                9 |             16 |         1.78 |
|  CLK100MHZ_IBUF_BUFG |                               |                  |                6 |             19 |         3.17 |
+----------------------+-------------------------------+------------------+------------------+----------------+--------------+


