#-----------------------------------------------------------
# Vivado v2025.2 (64-bit)
# SW Build 6299465 on Fri Nov 14 19:35:11 GMT 2025
# IP Build 6300035 on Fri Nov 14 10:48:45 MST 2025
# SharedData Build 6298862 on Thu Nov 13 04:50:51 MST 2025
# Start of session at: Wed Apr 15 19:31:53 2026
# Process ID         : 12020
# Current directory  : D:/Development/School/computer_arch/cpu_project/nexys-a7/nexys-a7.runs/impl_1
# Command line       : vivado.exe -log nexys_a7_top.vdi -applog -product Vivado -messageDb vivado.pb -mode batch -source nexys_a7_top.tcl -notrace
# Log file           : D:/Development/School/computer_arch/cpu_project/nexys-a7/nexys-a7.runs/impl_1/nexys_a7_top.vdi
# Journal file       : D:/Development/School/computer_arch/cpu_project/nexys-a7/nexys-a7.runs/impl_1\vivado.jou
# Running On         : DESKTOP-5V676FB
# Platform           : Windows Server 2016 or Windows 10
# Operating System   : 26200
# Processor Detail   : 11th Gen Intel(R) Core(TM) i7-11800H @ 2.30GHz
# CPU Frequency      : 2304 MHz
# CPU Physical cores : 8
# CPU Logical cores  : 16
# Host memory        : 68429 MB
# Swap memory        : 4294 MB
# Total Virtual      : 72724 MB
# Available Virtual  : 46060 MB
#-----------------------------------------------------------
source nexys_a7_top.tcl -notrace
